TAP version 13
# Subtest: saved preview expectation rejects stale revisions, profiles and tenants before issuing a token
ok 1 - saved preview expectation rejects stale revisions, profiles and tenants before issuing a token
  ---
  duration_ms: 255.367103
  type: 'test'
  ...
# Subtest: legacy Studio preview still accepts editor overrides but saved preview cannot claim overrides are persisted
ok 2 - legacy Studio preview still accepts editor overrides but saved preview cannot claim overrides are persisted
  ---
  duration_ms: 56.590038
  type: 'test'
  ...
# Subtest: secure preview uses a hashed random bearer, ten-minute TTL and atomic NX delivery acknowledgement
ok 3 - secure preview uses a hashed random bearer, ten-minute TTL and atomic NX delivery acknowledgement
  ---
  duration_ms: 45.620957
  type: 'test'
  ...
# Subtest: Redis outage is not represented as confirmed preview readiness
ok 4 - Redis outage is not represented as confirmed preview readiness
  ---
  duration_ms: 26.369995
  type: 'test'
  ...
# Subtest: malformed or expired bearer never reaches tenant projection reads
ok 5 - malformed or expired bearer never reaches tenant projection reads
  ---
  duration_ms: 32.177485
  type: 'test'
  ...
# Subtest: suspension, account disablement, deletion and reassignment revoke already issued bearer previews
ok 6 - suspension, account disablement, deletion and reassignment revoke already issued bearer previews
  ---
  duration_ms: 89.249153
  type: 'test'
  ...
# Subtest: envelope validity rejects immortal dates, future issuance, excessive TTL and identity mismatches
ok 7 - envelope validity rejects immortal dates, future issuance, excessive TTL and identity mismatches
  ---
  duration_ms: 0.454479
  type: 'test'
  ...
# Subtest: regression 1: an in-flight DRAFT lookup cannot refill access after launch invalidation
ok 8 - regression 1: an in-flight DRAFT lookup cannot refill access after launch invalidation
  ---
  duration_ms: 167.943253
  type: 'test'
  ...
# Subtest: authorization expires at the exact trial/period boundary, not a second later
ok 9 - authorization expires at the exact trial/period boundary, not a second later
  ---
  duration_ms: 128.956213
  type: 'test'
  ...
# Subtest: Redis invalidation failure is reported as failure, never confirmed delivery
ok 10 - Redis invalidation failure is reported as failure, never confirmed delivery
  ---
  duration_ms: 65.248565
  type: 'test'
  ...
# Subtest: R1: cached DRAFT access -> launch -> FIRST canonical host resolves the published website
ok 11 - R1: cached DRAFT access -> launch -> FIRST canonical host resolves the published website
  ---
  duration_ms: 574.636295
  type: 'test'
  ...
# Subtest: R3: concurrent same-revision launch requests return one site and one publication revision
ok 12 - R3: concurrent same-revision launch requests return one site and one publication revision
  ---
  duration_ms: 197.14037
  type: 'test'
  ...
# Subtest: R4: response lost AFTER commit -> retry ORIGINAL expected revision without republishing
ok 13 - R4: response lost AFTER commit -> retry ORIGINAL expected revision without republishing
  ---
  duration_ms: 170.281462
  type: 'test'
  ...
# Subtest: regression 1: cached DRAFT -> launch -> first canonical host serves the committed site/revision
ok 14 - regression 1: cached DRAFT -> launch -> first canonical host serves the committed site/revision
  ---
  duration_ms: 720.112846
  type: 'test'
  ...
# Subtest: regression 3: simultaneous double-clicks, stale expected revision and later retries create one publication
ok 15 - regression 3: simultaneous double-clicks, stale expected revision and later retries create one publication
  ---
  duration_ms: 348.384684
  type: 'test'
  ...
# Subtest: regression 4: post-COMMIT timeout is safely retried with the original expected revision
ok 16 - regression 4: post-COMMIT timeout is safely retried with the original expected revision
  ---
  duration_ms: 206.79181
  type: 'test'
  ...
# Subtest: durable outbox insert failure rolls back snapshot, review milestone and onboarding completion
ok 17 - durable outbox insert failure rolls back snapshot, review milestone and onboarding completion
  ---
  duration_ms: 167.674439
  type: 'test'
  ...
# Subtest: a failed warm is preparing, never confirmed ready; the same durable event can recover
ok 18 - a failed warm is preparing, never confirmed ready; the same durable event can recover
  ---
  duration_ms: 187.315466
  type: 'test'
  ...
# Subtest: access invalidation must succeed before any host/projection fill or Next callback
ok 19 - access invalidation must succeed before any host/projection fill or Next callback
  ---
  duration_ms: 146.176506
  type: 'test'
  ...
# Subtest: the existing worker delivery path recovers a committed publication after callback failure
ok 20 - the existing worker delivery path recovers a committed publication after callback failure
  ---
  duration_ms: 110.933378
  type: 'test'
  ...
# Subtest: subscription horizon caps routing/projection TTL even with jitter, including stale copies
ok 21 - subscription horizon caps routing/projection TTL even with jitter, including stale copies
  ---
  duration_ms: 139.03928
  type: 'test'
  ...
# Subtest: cached routes reject an expired override even when Redis TTL has not elapsed
ok 22 - cached routes reject an expired override even when Redis TTL has not elapsed
  ---
  duration_ms: 102.493959
  type: 'test'
  ...
# Subtest: suspension and restoration rotate access before warming, using the existing durable topic
ok 23 - suspension and restoration rotate access before warming, using the existing durable topic
  ---
  duration_ms: 144.504913
  type: 'test'
  ...
# Subtest: actual outbox worker recovers the same transactional publication row and persists a truthful receipt
ok 24 - actual outbox worker recovers the same transactional publication row and persists a truthful receipt
  ---
  duration_ms: 601.554387
  type: 'test'
  ...
# Subtest: actual worker keeps a warming failure retryable rather than acknowledging readiness
ok 25 - actual worker keeps a warming failure retryable rather than acknowledging readiness
  ---
  duration_ms: 352.975268
  type: 'test'
  ...
# Subtest: an expired worker lease cannot acknowledge, overwrite or emit success for the newer claimant
ok 26 - an expired worker lease cannot acknowledge, overwrite or emit success for the newer claimant
  ---
  duration_ms: 344.193228
  type: 'test'
  ...
# Subtest: profile clears are persisted; omitted currency/hours/phone are unchanged; response is the committed read
ok 27 - profile clears are persisted; omitted currency/hours/phone are unchanged; response is the committed read
  ---
  duration_ms: 851.840646
  type: 'test'
  ...
# Subtest: business hours retain the saved timezone and explicit null removes the entire value
ok 28 - business hours retain the saved timezone and explicit null removes the entire value
  ---
  duration_ms: 207.000343
  type: 'test'
  ...
# Subtest: profile version rejects a different-tab profile write without a partial website/progress mutation
ok 29 - profile version rejects a different-tab profile write without a partial website/progress mutation
  ---
  duration_ms: 205.929268
  type: 'test'
  ...
# Subtest: same request concurrently and after a lost response creates one receipt and one milestone
ok 30 - same request concurrently and after a lost response creates one receipt and one milestone
  ---
  duration_ms: 246.97305
  type: 'test'
  ...
# Subtest: a late retry acknowledges the latest state rather than undoing a subsequent deliberate save
ok 31 - a late retry acknowledges the latest state rather than undoing a subsequent deliberate save
  ---
  duration_ms: 168.113788
  type: 'test'
  ...
# Subtest: branding persists all fields and owned logo/favicon before progress and revision
ok 32 - branding persists all fields and owned logo/favicon before progress and revision
  ---
  duration_ms: 190.603675
  type: 'test'
  ...
# Subtest: foreign, unregistered or wrong-slot assets fail before any branding milestone
ok 33 - foreign, unregistered or wrong-slot assets fail before any branding milestone
  ---
  duration_ms: 487.283548
  type: 'test'
  ...
# Subtest: complete catalog above the old 100-row UI limit is safe; explicit single deselection affects only that row
ok 34 - complete catalog above the old 100-row UI limit is safe; explicit single deselection affects only that row
  ---
  duration_ms: 157.793002
  type: 'test'
  ...
# Subtest: legacy selected-page upsert no longer deactivates omitted services; omitted add-ons are preserved
ok 35 - legacy selected-page upsert no longer deactivates omitted services; omitted add-ons are preserved
  ---
  duration_ms: 134.805232
  type: 'test'
  ...
# Subtest: concurrent service update, new row or ABA timestamp change conflicts without overwriting another tab
ok 36 - concurrent service update, new row or ABA timestamp change conflicts without overwriting another tab
  ---
  duration_ms: 383.432205
  type: 'test'
  ...
# Subtest: booking/revision failure rolls back services, profile, progress and website together
ok 37 - booking/revision failure rolls back services, profile, progress and website together
  ---
  duration_ms: 147.908293
  type: 'test'
  ...
# Subtest: unknown tenant IDs and v2 mutable-name identity substitution are rejected
ok 38 - unknown tenant IDs and v2 mutable-name identity substitution are rejected
  ---
  duration_ms: 157.43525
  type: 'test'
  ...
# Subtest: expected revision zero is a real precondition, not an escape from optimistic concurrency
ok 39 - expected revision zero is a real precondition, not an escape from optimistic concurrency
  ---
  duration_ms: 168.783839
  type: 'test'
  ...
# Subtest: cache failure after commit does not lose persisted acknowledgement or duplicate a retry
ok 40 - cache failure after commit does not lose persisted acknowledgement or duplicate a retry
  ---
  duration_ms: 141.458406
  type: 'test'
  ...
# Subtest: lock acquisition order is website, owner row, booking, catalog; progress sets deduplicate legacy template
ok 41 - lock acquisition order is website, owner row, booking, catalog; progress sets deduplicate legacy template
  ---
  duration_ms: 136.736059
  type: 'test'
  ...
# Subtest: legacy add-on prices normalize losslessly while invalid saved JSON fails closed
ok 42 - legacy add-on prices normalize losslessly while invalid saved JSON fails closed
  ---
  duration_ms: 126.091527
  type: 'test'
  ...
1..42
# tests 42
# suites 0
# pass 42
# fail 0
# cancelled 0
# skipped 0
# todo 0
# duration_ms 5638.187495
